[dotenv@17.2.3] injecting env (6) from .env -- tip: Ô£à audit secrets and track compliance: https://dotenvx.com/ops
[dotenv@17.2.3] injecting env (0) from .env -- tip: ÔÜÖ´©Å  override existing env vars with { override: true }
Server running on port 5000
--- STARTING TEST ---
HTTP Status: 200
Response Body: {"id":"d4c8162b-bf1b-49a5-801c-d5c5a82987fb","mustahikId":"1607911854817498","programId":"21ff401d-25af-4e8a-9796-2682a3c235cc","monitoringDate":"2026-04-01T00:00:00.000Z","businessProgress":{"profit":0,"revenue":0,"businessType":"Perdagangan","employeeCount":0,"businessStatus":"stabil"},"socialEconomicCondition":{"monthlyIncome":3000000,"dependentCount":0,"educationLevel":"tetap","healthCondition":"sehat","housingCondition":"sedang","monthlyExpenditure":2000000},"challenges":"test","achievements":"test","nextPlan":"test","surveyor":null,"notes":"test","pendapatanBulanan":"3000000","kebutuhanPokokBulanan":"2000000","hutangBaru":false,"tabunganBaru":false,"statusKesejahteraan":"Stabil","sholat5Waktu":5,"puasaRamadhan":5,"zakatInfaq":5,"lingkunganKeluarga":5,"kebijakanPemerintah":5,"cibestQuadrant":"Sejahtera","mustahikName":"Sri Molna Yerti","programName":"Bantuan Modal Usaha Tahap 2 (2025)"}
